------------------------------------------------------------
TimeQuest Timing Analyzer Summary
------------------------------------------------------------

Type  : Slow 1200mV 85C Model Setup 'confirma_bt'
Slack : -25.950
TNS   : -8439.413

Type  : Slow 1200mV 85C Model Setup 'Memoria_de_instrucoes:mem_instru|Instruction[26]'
Slack : -21.009
TNS   : -6352.090

Type  : Slow 1200mV 85C Model Setup 'clock_FPGA'
Slack : -16.746
TNS   : -97.087

Type  : Slow 1200mV 85C Model Hold 'Memoria_de_instrucoes:mem_instru|Instruction[26]'
Slack : -7.891
TNS   : -2138.537

Type  : Slow 1200mV 85C Model Hold 'confirma_bt'
Slack : -3.594
TNS   : -198.612

Type  : Slow 1200mV 85C Model Hold 'clock_FPGA'
Slack : -0.285
TNS   : -0.285

Type  : Slow 1200mV 85C Model Minimum Pulse Width 'confirma_bt'
Slack : -3.000
TNS   : -623.723

Type  : Slow 1200mV 85C Model Minimum Pulse Width 'clock_FPGA'
Slack : -3.000
TNS   : -42.958

Type  : Slow 1200mV 85C Model Minimum Pulse Width 'Memoria_de_instrucoes:mem_instru|Instruction[26]'
Slack : -2.693
TNS   : -619.438

Type  : Slow 1200mV 0C Model Setup 'confirma_bt'
Slack : -23.485
TNS   : -7665.721

Type  : Slow 1200mV 0C Model Setup 'Memoria_de_instrucoes:mem_instru|Instruction[26]'
Slack : -19.087
TNS   : -5811.622

Type  : Slow 1200mV 0C Model Setup 'clock_FPGA'
Slack : -15.200
TNS   : -87.773

Type  : Slow 1200mV 0C Model Hold 'Memoria_de_instrucoes:mem_instru|Instruction[26]'
Slack : -7.079
TNS   : -1896.724

Type  : Slow 1200mV 0C Model Hold 'confirma_bt'
Slack : -3.275
TNS   : -177.912

Type  : Slow 1200mV 0C Model Hold 'clock_FPGA'
Slack : -0.215
TNS   : -0.215

Type  : Slow 1200mV 0C Model Minimum Pulse Width 'confirma_bt'
Slack : -3.000
TNS   : -623.239

Type  : Slow 1200mV 0C Model Minimum Pulse Width 'clock_FPGA'
Slack : -3.000
TNS   : -42.914

Type  : Slow 1200mV 0C Model Minimum Pulse Width 'Memoria_de_instrucoes:mem_instru|Instruction[26]'
Slack : -2.649
TNS   : -618.954

Type  : Fast 1200mV 0C Model Setup 'confirma_bt'
Slack : -13.518
TNS   : -4406.098

Type  : Fast 1200mV 0C Model Setup 'Memoria_de_instrucoes:mem_instru|Instruction[26]'
Slack : -10.449
TNS   : -3076.127

Type  : Fast 1200mV 0C Model Setup 'clock_FPGA'
Slack : -8.676
TNS   : -33.156

Type  : Fast 1200mV 0C Model Hold 'Memoria_de_instrucoes:mem_instru|Instruction[26]'
Slack : -4.273
TNS   : -1242.859

Type  : Fast 1200mV 0C Model Hold 'confirma_bt'
Slack : -1.861
TNS   : -129.361

Type  : Fast 1200mV 0C Model Hold 'clock_FPGA'
Slack : -0.273
TNS   : -0.273

Type  : Fast 1200mV 0C Model Minimum Pulse Width 'confirma_bt'
Slack : -3.000
TNS   : -544.765

Type  : Fast 1200mV 0C Model Minimum Pulse Width 'clock_FPGA'
Slack : -3.000
TNS   : -34.890

Type  : Fast 1200mV 0C Model Minimum Pulse Width 'Memoria_de_instrucoes:mem_instru|Instruction[26]'
Slack : -1.000
TNS   : -524.613

------------------------------------------------------------
