------------------------------------------------------------
TimeQuest Timing Analyzer Summary
------------------------------------------------------------

Type  : Slow 1200mV 85C Model Setup 'clock'
Slack : -131.259
TNS   : -30067.361

Type  : Slow 1200mV 85C Model Setup 'Memoria_de_instrucoes:mem_instru|Instruction[26]'
Slack : -5.654
TNS   : -5.654

Type  : Slow 1200mV 85C Model Hold 'Memoria_de_instrucoes:mem_instru|Instruction[26]'
Slack : 0.555
TNS   : 0.000

Type  : Slow 1200mV 85C Model Hold 'clock'
Slack : 0.987
TNS   : 0.000

Type  : Slow 1200mV 85C Model Minimum Pulse Width 'clock'
Slack : -3.000
TNS   : -560.881

Type  : Slow 1200mV 85C Model Minimum Pulse Width 'Memoria_de_instrucoes:mem_instru|Instruction[26]'
Slack : 0.430
TNS   : 0.000

Type  : Slow 1200mV 0C Model Setup 'clock'
Slack : -118.277
TNS   : -27149.538

Type  : Slow 1200mV 0C Model Setup 'Memoria_de_instrucoes:mem_instru|Instruction[26]'
Slack : -5.222
TNS   : -5.222

Type  : Slow 1200mV 0C Model Hold 'Memoria_de_instrucoes:mem_instru|Instruction[26]'
Slack : 0.524
TNS   : 0.000

Type  : Slow 1200mV 0C Model Hold 'clock'
Slack : 0.904
TNS   : 0.000

Type  : Slow 1200mV 0C Model Minimum Pulse Width 'clock'
Slack : -3.000
TNS   : -560.353

Type  : Slow 1200mV 0C Model Minimum Pulse Width 'Memoria_de_instrucoes:mem_instru|Instruction[26]'
Slack : 0.460
TNS   : 0.000

Type  : Fast 1200mV 0C Model Setup 'clock'
Slack : -64.407
TNS   : -14580.781

Type  : Fast 1200mV 0C Model Setup 'Memoria_de_instrucoes:mem_instru|Instruction[26]'
Slack : -2.730
TNS   : -2.730

Type  : Fast 1200mV 0C Model Hold 'Memoria_de_instrucoes:mem_instru|Instruction[26]'
Slack : 0.250
TNS   : 0.000

Type  : Fast 1200mV 0C Model Hold 'clock'
Slack : 0.453
TNS   : 0.000

Type  : Fast 1200mV 0C Model Minimum Pulse Width 'clock'
Slack : -3.000
TNS   : -451.260

Type  : Fast 1200mV 0C Model Minimum Pulse Width 'Memoria_de_instrucoes:mem_instru|Instruction[26]'
Slack : 0.440
TNS   : 0.000

------------------------------------------------------------
